<?xml version="1.0" encoding="utf-8"?><testsuites name="pytest tests"><testsuite name="pytest" errors="0" failures="0" skipped="1" tests="128" time="13.431" timestamp="2025-06-14T19:19:30.446025+00:00" hostname="4b5ad3fcd241"><testcase classname="tests.unit.test_api_helpers" name="test_api_availability_check_success" time="0.004" /><testcase classname="tests.unit.test_api_helpers" name="test_api_availability_check_server_error" time="0.001" /><testcase classname="tests.unit.test_api_helpers" name="test_api_availability_check_connection_error" time="0.001" /><testcase classname="tests.unit.test_api_helpers" name="test_api_availability_check_timeout" time="0.001" /><testcase classname="tests.unit.test_api_helpers" name="test_require_api_or_warn_available" time="0.001" /><testcase classname="tests.unit.test_api_helpers" name="test_require_api_or_warn_unavailable" time="0.001" /><testcase classname="tests.unit.test_api_helpers" name="test_require_api_or_skip_unavailable" time="0.001" /><testcase classname="tests.unit.test_api_helpers" name="test_require_api_or_skip_available" time="0.001" /><testcase classname="tests.unit.test_coredatastore_api.TestCoreDataStoreAPI" name="test_standardize_landmark_id_uniqueness" time="0.001" /><testcase classname="tests.unit.test_coredatastore_api.TestCoreDataStoreAPI" name="test_standardize_landmark_id_with_complex_formats" time="0.000" /><testcase classname="tests.unit.test_coredatastore_api.TestCoreDataStoreAPI" name="test_standardize_landmark_id_with_edge_cases" time="0.000" /><testcase classname="tests.unit.test_coredatastore_api.TestCoreDataStoreAPI" name="test_standardize_landmark_id_with_lp_prefix" time="0.000" /><testcase classname="tests.unit.test_coredatastore_api.TestCoreDataStoreAPI" name="test_standardize_landmark_id_without_lp_prefix" time="0.000" /><testcase classname="tests.unit.test_db_client_core.TestDbClientCore" name="test_format_landmark_id" time="0.001" /><testcase classname="tests.unit.test_db_client_core.TestDbClientCore" name="test_get_landmark_by_id_not_found" time="0.001" /><testcase classname="tests.unit.test_db_client_core.TestDbClientCore" name="test_get_landmark_by_id_success" time="0.001" /><testcase classname="tests.unit.test_db_client_core.TestDbClientCore" name="test_get_landmark_by_id_with_api_error" time="0.001" /><testcase classname="tests.unit.test_db_client_core.TestDbClientCore" name="test_get_landmark_by_id_with_error_handling" time="0.002" /><testcase classname="tests.unit.test_db_client_core.TestDbClientCore" name="test_get_landmarks_page_fallback" time="0.001" /><testcase classname="tests.unit.test_db_client_core.TestDbClientCore" name="test_get_landmarks_page_success" time="0.001" /><testcase classname="tests.unit.test_db_client_core.TestDbClientCore" name="test_map_borough_id_to_name" time="0.001" /><testcase classname="tests.unit.test_db_client_core.TestDbClientCore" name="test_parse_landmark_response_with_invalid_data" time="0.001" /><testcase classname="tests.unit.test_db_client_core.TestDbClientCore" name="test_parse_landmark_response_with_missing_lpnumber" time="0.001" /><testcase classname="tests.unit.test_db_client_core.TestDbClientCore" name="test_parse_landmark_response_with_no_id_fields" time="0.001" /><testcase classname="tests.unit.test_db_client_core.TestDbClientCore" name="test_parse_landmark_response_with_valid_data" time="0.001" /><testcase classname="tests.unit.test_db_client_core.TestDbClientCore" name="test_standardize_lp_number" time="0.001" /><testcase classname="tests.unit.test_db_client_core.TestConversionMethods" name="test_convert_item_to_lpc_report_model_from_dict" time="0.001" /><testcase classname="tests.unit.test_db_client_core.TestConversionMethods" name="test_convert_item_to_lpc_report_model_from_invalid_dict" time="0.001" /><testcase classname="tests.unit.test_db_client_core.TestConversionMethods" name="test_convert_item_to_lpc_report_model_from_landmark_detail" time="0.001" /><testcase classname="tests.unit.test_db_client_core.TestConversionMethods" name="test_convert_item_to_lpc_report_model_from_model" time="0.001" /><testcase classname="tests.unit.test_db_client_edge_cases.TestDbClientWikipediaIntegration" name="test_get_wikipedia_articles_default_implementation" time="0.001" /><testcase classname="tests.unit.test_db_client_edge_cases.TestGetLpcReportsFallback" name="test_fallback_to_get_landmarks_page" time="0.001" /><testcase classname="tests.unit.test_db_client_edge_cases.TestGetLpcReportsFallback" name="test_fallback_with_exception" time="0.001" /><testcase classname="tests.unit.test_db_client_edge_cases.TestGetLpcReportsFallback" name="test_fallback_with_invalid_item" time="0.001" /><testcase classname="tests.unit.test_db_client_edge_cases.TestLandmarkPdfUrl" name="test_get_landmark_pdf_url_fallback_with_none" time="0.001" /><testcase classname="tests.unit.test_db_client_edge_cases.TestConversionMethods" name="test_convert_item_to_lpc_report_model_with_errors" time="0.001" /><testcase classname="tests.unit.test_db_client_edge_cases.TestBuildingMethods" name="test_convert_building_items_to_models_empty_list" time="0.001" /><testcase classname="tests.unit.test_db_client_edge_cases.TestBuildingMethods" name="test_fetch_buildings_from_client_not_hasattr" time="0.001" /><testcase classname="tests.unit.test_db_client_edge_cases.TestBuildingMethods" name="test_fetch_buildings_from_landmark_detail_invalid_item" time="0.002" /><testcase classname="tests.unit.test_db_client_edge_cases.TestBuildingMethods" name="test_fetch_buildings_from_landmark_detail_invalid_response" time="0.001" /><testcase classname="tests.unit.test_db_client_edge_cases.TestBuildingMethods" name="test_fetch_buildings_from_landmark_detail_no_landmarks_attr" time="0.001" /><testcase classname="tests.unit.test_db_client_edge_cases.TestBuildingMethods" name="test_get_landmark_buildings_all_fallbacks_fail" time="0.001" /><testcase classname="tests.unit.test_db_client_edge_cases.TestWikipediaMethods" name="test_get_wikipedia_articles_with_exception" time="0.001" /><testcase classname="tests.unit.test_db_client_edge_cases.TestOtherMethods" name="test_get_landmark_pluto_data" time="0.001" /><testcase classname="tests.unit.test_db_client_edge_cases.TestOtherMethods" name="test_get_landmark_pluto_data_client_lacks_method" time="0.001" /><testcase classname="tests.unit.test_db_client_edge_cases.TestOtherMethods" name="test_get_total_record_count_both_methods_fail" time="0.001" /><testcase classname="tests.unit.test_db_client_edge_cases.TestOtherMethods" name="test_get_total_record_count_metadata_success" time="0.001" /><testcase classname="tests.unit.test_db_client_landmarks.TestDbClientLandmarkMethods" name="test_get_all_landmarks" time="0.001" /><testcase classname="tests.unit.test_db_client_landmarks.TestDbClientLandmarkMethods" name="test_get_landmark_metadata" time="0.001" /><testcase classname="tests.unit.test_db_client_landmarks.TestDbClientLandmarkMethods" name="test_get_landmark_pdf_url_from_detail_response" time="0.001" /><testcase classname="tests.unit.test_db_client_landmarks.TestDbClientLandmarkMethods" name="test_get_landmark_pdf_url_no_url" time="0.001" /><testcase classname="tests.unit.test_db_client_landmarks.TestDbClientLandmarkMethods" name="test_get_landmark_pdf_url_with_error" time="0.002" /><testcase classname="tests.unit.test_db_client_landmarks.TestDbClientLandmarkMethods" name="test_get_landmarks_page_fallback_api_error" time="0.001" /><testcase classname="tests.unit.test_db_client_landmarks.TestDbClientLandmarkMethods" name="test_get_landmarks_page_fallback_first_page" time="0.001" /><testcase classname="tests.unit.test_db_client_landmarks.TestDbClientLandmarkMethods" name="test_get_landmarks_page_fallback_second_page" time="0.001" /><testcase classname="tests.unit.test_db_client_landmarks.TestDbClientLandmarkMethods" name="test_get_lpc_reports_direct_method" time="0.001" /><testcase classname="tests.unit.test_db_client_landmarks.TestDbClientLandmarkMethods" name="test_get_lpc_reports_fallback" time="0.001" /><testcase classname="tests.unit.test_db_client_landmarks.TestDbClientLandmarkMethods" name="test_get_lpc_reports_fallback_with_error" time="0.001" /><testcase classname="tests.unit.test_db_client_landmarks.TestDbClientLandmarkMethods" name="test_search_landmarks" time="0.001" /><testcase classname="tests.unit.test_db_client_landmarks.TestDbClientBuildingsMethods" name="test_convert_building_items_to_models" time="0.001" /><testcase classname="tests.unit.test_db_client_landmarks.TestDbClientBuildingsMethods" name="test_fetch_buildings_from_client" time="0.001" /><testcase classname="tests.unit.test_db_client_landmarks.TestDbClientBuildingsMethods" name="test_fetch_buildings_from_client_no_method" time="0.001" /><testcase classname="tests.unit.test_db_client_landmarks.TestDbClientBuildingsMethods" name="test_fetch_buildings_from_client_with_error" time="0.001" /><testcase classname="tests.unit.test_db_client_landmarks.TestDbClientBuildingsMethods" name="test_fetch_buildings_from_landmark_detail" time="0.002" /><testcase classname="tests.unit.test_db_client_landmarks.TestDbClientBuildingsMethods" name="test_fetch_buildings_from_landmark_detail_with_dict_items" time="0.002" /><testcase classname="tests.unit.test_db_client_landmarks.TestDbClientBuildingsMethods" name="test_get_landmark_buildings" time="0.002" /><testcase classname="tests.unit.test_db_client_landmarks.TestDbClientBuildingsMethods" name="test_get_landmark_buildings_fallback" time="0.002" /><testcase classname="tests.unit.test_db_client_landmarks.TestDbClientTotalCount" name="test_get_total_record_count_from_metadata" time="0.001" /><testcase classname="tests.unit.test_db_client_landmarks.TestDbClientTotalCount" name="test_get_total_record_count_from_pages" time="0.001" /><testcase classname="tests.unit.test_db_client_landmarks.TestDbClientTotalCount" name="test_get_total_record_count_with_error" time="0.001" /><testcase classname="tests.unit.test_db_client_wikipedia.TestWikipediaIntegration" name="test_get_wikipedia_articles" time="0.001" /><testcase classname="tests.unit.test_db_client_wikipedia.TestWikipediaIntegration" name="test_get_wikipedia_articles_client_lacks_method" time="0.001" /><testcase classname="tests.unit.test_db_client_wikipedia.TestWikipediaIntegration" name="test_get_wikipedia_articles_with_error" time="0.001" /><testcase classname="tests.unit.test_enhanced_metadata_collector.TestEnhancedMetadataCollectorBasics" name="test_get_metadata_collector" time="0.001" /><testcase classname="tests.unit.test_enhanced_metadata_collector.TestEnhancedMetadataCollectorBasics" name="test_init" time="0.001" /><testcase classname="tests.unit.test_enhanced_metadata_collector.TestEnhancedMetadataCollectorNonApiMode" name="test_collect_landmark_metadata_non_api_mode" time="0.001" /><testcase classname="tests.unit.test_enhanced_metadata_collector.TestEnhancedMetadataCollectorApiMode" name="test_bbl_handling_none_value" time="0.002" /><testcase classname="tests.unit.test_enhanced_metadata_collector.TestEnhancedMetadataCollectorApiMode" name="test_building_data_pydantic_model" time="0.002" /><testcase classname="tests.unit.test_enhanced_metadata_collector.TestEnhancedMetadataCollectorApiMode" name="test_collect_landmark_metadata_complete_data" time="0.002" /><testcase classname="tests.unit.test_enhanced_metadata_collector.TestEnhancedMetadataCollectorApiMode" name="test_collect_landmark_metadata_no_buildings" time="0.002" /><testcase classname="tests.unit.test_enhanced_metadata_collector.TestEnhancedMetadataCollectorApiMode" name="test_collect_landmark_metadata_no_pluto_data" time="0.002" /><testcase classname="tests.unit.test_enhanced_metadata_collector.TestEnhancedMetadataCollectorApiMode" name="test_landmark_details_pydantic_model" time="0.002" /><testcase classname="tests.unit.test_enhanced_metadata_collector.TestEnhancedMetadataCollectorApiMode" name="test_mock_get_landmark_buildings" time="0.001" /><testcase classname="tests.unit.test_enhanced_metadata_collector.TestEnhancedMetadataCollectorApiMode" name="test_multiple_buildings" time="0.001" /><testcase classname="tests.unit.test_enhanced_metadata_collector.TestEnhancedMetadataCollectorErrorHandling" name="test_basic_metadata_error" time="0.001" /><testcase classname="tests.unit.test_enhanced_metadata_collector.TestEnhancedMetadataCollectorErrorHandling" name="test_direct_api_error" time="0.002" /><testcase classname="tests.unit.test_enhanced_metadata_collector.TestEnhancedMetadataCollectorErrorHandling" name="test_landmark_details_error" time="0.002" /><testcase classname="tests.unit.test_enhanced_metadata_collector.TestEnhancedMetadataCollectorErrorHandling" name="test_pluto_data_error" time="0.001"><skipped type="pytest.skip" message="Skipping test for PLUTO - Fix Pluto Metadata">/workspaces/nyc-landmarks-vector-db/tests/unit/test_enhanced_metadata_collector.py:546: Skipping test for PLUTO - Fix Pluto Metadata</skipped></testcase><testcase classname="tests.unit.test_enhanced_metadata_collector.TestEnhancedMetadataCollectorBatch" name="test_collect_batch_metadata" time="0.002" /><testcase classname="tests.unit.test_enhanced_metadata_collector.TestEnhancedMetadataCollectorBatch" name="test_collect_batch_metadata_empty_list" time="0.001" /><testcase classname="tests.unit.test_lpc_reports.TestLpcReports" name="test_get_lpc_reports" time="0.001" /><testcase classname="tests.unit.test_lpc_reports.TestLpcReports" name="test_get_lpc_reports_with_pagination" time="0.001" /><testcase classname="tests.unit.test_lpc_reports.TestLpcReports" name="test_lpc_report_model" time="0.000" /><testcase classname="tests.unit.test_lpc_reports.TestLpcReports" name="test_lpc_report_response" time="0.000" /><testcase classname="tests.unit.test_safe_attribute_access.TestSafeAttributeAccess" name="test_safe_get_camelcase_pdf_url" time="0.000" /><testcase classname="tests.unit.test_safe_attribute_access.TestSafeAttributeAccess" name="test_safe_get_from_dict" time="0.000" /><testcase classname="tests.unit.test_safe_attribute_access.TestSafeAttributeAccess" name="test_safe_get_from_model" time="0.000" /><testcase classname="tests.unit.test_safe_attribute_access.TestSafeAttributeAccess" name="test_safe_get_from_named_tuple" time="0.000" /><testcase classname="tests.unit.test_safe_attribute_access.TestSafeAttributeAccess" name="test_safe_get_with_none_object" time="0.000" /><testcase classname="tests.unit.test_vector_metadata_validator.TestVectorMetadataValidator" name="test_validate_valid_vector" time="0.001" /><testcase classname="tests.unit.test_vector_metadata_validator.TestVectorMetadataValidator" name="test_validate_missing_required_fields" time="0.001" /><testcase classname="tests.unit.test_vector_metadata_validator.TestVectorMetadataValidator" name="test_validate_wikipedia_vector" time="0.001" /><testcase classname="tests.unit.test_vector_metadata_validator.TestVectorMetadataValidator" name="test_validate_missing_embeddings" time="0.001" /><testcase classname="tests.unit.test_vector_metadata_validator.TestVectorMetadataValidator" name="test_validate_metadata_only" time="0.001" /><testcase classname="tests.unit.test_vector_metadata_validator.TestVectorMetadataValidator" name="test_validate_none_vector_data" time="0.000" /><testcase classname="tests.unit.test_wikipedia_processing.TestGetProcessor" name="test_get_processor_returns_wikipedia_processor" time="0.001" /><testcase classname="tests.unit.test_wikipedia_processing.TestGetProcessor" name="test_get_processor_thread_local_same_thread" time="0.001" /><testcase classname="tests.unit.test_wikipedia_processing.TestGetProcessor" name="test_get_processor_thread_local_different_threads" time="0.001" /><testcase classname="tests.unit.test_wikipedia_processing.TestGetProcessor" name="test_get_processor_thread_local_reuse_within_thread" time="0.001" /><testcase classname="tests.unit.test_wikipedia_processing.TestProcessSingleLandmarkHelper" name="test_process_single_landmark_through_parallel" time="0.009" /><testcase classname="tests.unit.test_wikipedia_processing.TestProcessSingleLandmarkHelper" name="test_process_single_landmark_failure_through_parallel" time="0.004" /><testcase classname="tests.unit.test_wikipedia_processing.TestProcessSingleLandmarkHelper" name="test_process_single_landmark_uses_thread_local_processor" time="0.002" /><testcase classname="tests.unit.test_wikipedia_processing.TestProcessLandmarksParallel" name="test_process_landmarks_parallel_success" time="0.005" /><testcase classname="tests.unit.test_wikipedia_processing.TestProcessLandmarksParallel" name="test_process_landmarks_parallel_empty_list" time="0.001" /><testcase classname="tests.unit.test_wikipedia_processing.TestProcessLandmarksParallel" name="test_process_landmarks_parallel_all_failures" time="0.002" /><testcase classname="tests.unit.test_wikipedia_processing.TestProcessLandmarksParallel" name="test_process_landmarks_parallel_concurrent_execution" time="0.206" /><testcase classname="tests.unit.test_wikipedia_processing.TestProcessLandmarksSequential" name="test_process_landmarks_sequential_success" time="0.006" /><testcase classname="tests.unit.test_wikipedia_processing.TestProcessLandmarksSequential" name="test_process_landmarks_sequential_uses_get_processor" time="0.003" /><testcase classname="tests.unit.test_wikipedia_processing.TestProcessLandmarksSequential" name="test_process_landmarks_sequential_empty_list" time="0.002" /><testcase classname="tests.unit.test_wikipedia_processing.TestProcessLandmarksSequential" name="test_process_landmarks_sequential_exception_handling" time="0.002" /><testcase classname="tests.unit.test_wikipedia_processing.TestMainFunction" name="test_main_function_exists" time="0.001" /><testcase classname="tests.unit.test_wikipedia_processing.TestConcurrencyAndThreadSafety" name="test_multiple_threads_get_different_processors" time="0.003" /><testcase classname="tests.unit.test_wikipedia_processing.TestConcurrencyAndThreadSafety" name="test_parallel_processing_thread_safety" time="0.029" /><testcase classname="tests.unit.test_wikipedia_processing.TestProcessLandmarksZeroArticles" name="test_process_landmarks_skips_zero_articles[process_landmarks_parallel-test_landmarks0-expected_side_effect0]" time="0.006" /><testcase classname="tests.unit.test_wikipedia_processing.TestProcessLandmarksZeroArticles" name="test_process_landmarks_skips_zero_articles[process_landmarks_sequential-test_landmarks1-expected_side_effect1]" time="0.003" /><testcase classname="tests.unit.test_wikipedia_processing_edge_cases.TestWikipediaProcessingFix" name="test_landmark_with_articles_but_processing_fails" time="0.022" /><testcase classname="tests.unit.test_wikipedia_processing_edge_cases.TestWikipediaProcessingFix" name="test_landmark_with_successful_processing" time="0.016" /><testcase classname="tests.unit.test_wikipedia_processing_edge_cases.TestWikipediaProcessingFix" name="test_landmark_without_articles_returns_success" time="0.017" /></testsuite></testsuites>
